[2025-09-02 16:23:07.658105] NFC 컴포넌트 테스트를 시작합니다...
[2025-09-02 16:23:07.658337] 1. PN532 연결 테스트...
[2025-09-02 16:23:07.734573] ✓ PN532 연결 성공. 펌웨어: 1.6
[2025-09-02 16:23:07.734786] 2. NDEF 라이브러리 테스트...
[2025-09-02 16:23:07.734834] ✓ NDEF 라이브러리 정상
[2025-09-02 16:23:07.734865] 3. NDEF 메시지 생성 테스트...
[2025-09-02 16:23:07.737196] ✓ NDEF 메시지 생성 성공 (크기: 21 bytes)
[2025-09-02 16:23:07.737413] 4. 파일 작업 테스트...
[2025-09-02 16:23:07.738926] ✓ 파일 읽기/쓰기 테스트 성공
[2025-09-02 16:23:07.739056] 🎉 모든 중요 테스트 통과! NFC 쓰기 준비 완료

[2025-09-02 16:23:07.739087] === 테스트 결과 요약 ===
  pn532_connection: ✓ 통과
  ndef_library: ✓ 통과
  ndef_message_creation: ✓ 통과
  file_operations: ✓ 통과
  overall_status: ✓ 통과

[2025-09-02 16:23:07.739177] 테스트 통과! 정상적인 NFC 쓰기를 시작합니다.
[2025-09-02 16:23:07.739211] 1번 시퀸스, PN532 연결을 시도합니다...
[2025-09-02 16:23:07.789354] 1번 시퀸스, PN532 연결 성공. 펌웨어: 1.6
[2025-09-02 16:23:07.790097] URL 'https://example.com/test'을 태그에 쓸 준비가 되었습니다.
[2025-09-02 16:23:07.790194] NFC 태그를 기다립니다 (10초)...
[2025-09-02 16:23:17.799522] 태그를 찾지 못했습니다.
[2025-09-02 16:23:17.799744] 다음 쓰기까지 11초 대기합니다.
[2025-09-02 16:23:28.800753] URL 'http://localhost:3001/detect/startRentingItem/zeujb39x9r'을 태그에 쓸 준비가 되었습니다.
[2025-09-02 16:23:28.800906] NFC 태그를 기다립니다 (10초)...
[2025-09-02 16:23:38.806562] 태그를 찾지 못했습니다.
[2025-09-02 16:23:38.806744] 다음 쓰기까지 11초 대기합니다.
[2025-09-02 16:23:49.807803] URL 'http://localhost:3001/detect/startRentingItem/de95cduyov'을 태그에 쓸 준비가 되었습니다.
[2025-09-02 16:23:49.807969] NFC 태그를 기다립니다 (10초)...
[2025-09-02 16:23:59.819642] 태그를 찾지 못했습니다.
[2025-09-02 16:23:59.819759] 다음 쓰기까지 11초 대기합니다.
[2025-09-02 16:24:10.820780] URL 'http://localhost:3001/detect/startRentingItem/9o7pzccwgi'을 태그에 쓸 준비가 되었습니다.
[2025-09-02 16:24:10.820935] NFC 태그를 기다립니다 (10초)...
[2025-09-02 16:24:10.853889] 태그 감지됨: 04ae2e27b72a81
[2025-09-02 16:24:10.854737] NDEF 메시지(TLV 포함) 생성 (총 크기: 57 bytes)
[2025-09-02 16:24:10.854830] 블록 단위 쓰기 시작 (시작 블록: 4)...
[2025-09-02 16:24:10.854887] 총 15개 블록에 쓰기 예정
[2025-09-02 16:24:10.854957] 블록 4 쓰기 중... (데이터: 0336d101)
[2025-09-02 16:24:10.873654] ✓ 블록 4 쓰기 성공
[2025-09-02 16:24:10.883853] 블록 5 쓰기 중... (데이터: 3255036c)
[2025-09-02 16:24:10.902396] ✓ 블록 5 쓰기 성공
[2025-09-02 16:24:10.912608] 블록 6 쓰기 중... (데이터: 6f63616c)
[2025-09-02 16:24:10.930547] ✓ 블록 6 쓰기 성공
[2025-09-02 16:24:10.940726] 블록 7 쓰기 중... (데이터: 686f7374)
[2025-09-02 16:24:10.958527] ✓ 블록 7 쓰기 성공
[2025-09-02 16:24:10.968715] 블록 8 쓰기 중... (데이터: 3a333030)
[2025-09-02 16:24:10.986446] ✓ 블록 8 쓰기 성공
[2025-09-02 16:24:10.996620] 블록 9 쓰기 중... (데이터: 312f6465)
[2025-09-02 16:24:11.014530] ✓ 블록 9 쓰기 성공
[2025-09-02 16:24:11.024726] 블록 10 쓰기 중... (데이터: 74656374)
[2025-09-02 16:24:11.043304] ✓ 블록 10 쓰기 성공
[2025-09-02 16:24:11.053508] 블록 11 쓰기 중... (데이터: 2f737461)
[2025-09-02 16:24:11.072164] ✓ 블록 11 쓰기 성공
[2025-09-02 16:24:11.082354] 블록 12 쓰기 중... (데이터: 72745265)
[2025-09-02 16:24:11.100962] ✓ 블록 12 쓰기 성공
[2025-09-02 16:24:11.111146] 블록 13 쓰기 중... (데이터: 6e74696e)
[2025-09-02 16:24:11.129668] ✓ 블록 13 쓰기 성공
[2025-09-02 16:24:11.139847] 블록 14 쓰기 중... (데이터: 67497465)
[2025-09-02 16:24:11.158360] ✓ 블록 14 쓰기 성공
[2025-09-02 16:24:11.168537] 블록 15 쓰기 중... (데이터: 6d2f396f)
[2025-09-02 16:24:11.187066] ✓ 블록 15 쓰기 성공
[2025-09-02 16:24:11.197243] 블록 16 쓰기 중... (데이터: 37707a63)
[2025-09-02 16:24:11.215884] ✓ 블록 16 쓰기 성공
[2025-09-02 16:24:11.226082] 블록 17 쓰기 중... (데이터: 63776769)
[2025-09-02 16:24:11.244614] ✓ 블록 17 쓰기 성공
[2025-09-02 16:24:11.254853] 블록 18 쓰기 중... (데이터: fe000000)
[2025-09-02 16:24:11.273412] ✓ 블록 18 쓰기 성공
[2025-09-02 16:24:11.283594] ✓ 모든 블록 쓰기 완료
[2025-09-02 16:24:11.283664] URL 쓰기 성공: http://localhost:3001/detect/startRentingItem/9o7pzccwgi
[2025-09-02 16:24:11.283745] 다음 쓰기까지 11초 대기합니다.
[2025-09-02 16:24:22.284794] URL 'http://localhost:3001/detect/startRentingItem/1ryffmzp0z'을 태그에 쓸 준비가 되었습니다.
[2025-09-02 16:24:22.284946] NFC 태그를 기다립니다 (10초)...
[2025-09-02 16:24:22.328584] 태그 감지됨: 04ae2e27b72a81
[2025-09-02 16:24:22.329440] NDEF 메시지(TLV 포함) 생성 (총 크기: 57 bytes)
[2025-09-02 16:24:22.329535] 블록 단위 쓰기 시작 (시작 블록: 4)...
[2025-09-02 16:24:22.329599] 총 15개 블록에 쓰기 예정
[2025-09-02 16:24:22.329674] 블록 4 쓰기 중... (데이터: 0336d101)
[2025-09-02 16:24:22.348290] ✓ 블록 4 쓰기 성공
[2025-09-02 16:24:22.358472] 블록 5 쓰기 중... (데이터: 3255036c)
[2025-09-02 16:24:22.377037] ✓ 블록 5 쓰기 성공
[2025-09-02 16:24:22.387261] 블록 6 쓰기 중... (데이터: 6f63616c)
[2025-09-02 16:24:22.405829] ✓ 블록 6 쓰기 성공
[2025-09-02 16:24:22.416101] 블록 7 쓰기 중... (데이터: 686f7374)
[2025-09-02 16:24:22.435087] ✓ 블록 7 쓰기 성공
[2025-09-02 16:24:22.445407] 블록 8 쓰기 중... (데이터: 3a333030)
[2025-09-02 16:24:22.463881] ✓ 블록 8 쓰기 성공
[2025-09-02 16:24:22.474143] 블록 9 쓰기 중... (데이터: 312f6465)
[2025-09-02 16:24:22.492428] ✓ 블록 9 쓰기 성공
[2025-09-02 16:24:22.502726] 블록 10 쓰기 중... (데이터: 74656374)
[2025-09-02 16:24:22.521058] ✓ 블록 10 쓰기 성공
[2025-09-02 16:24:22.531370] 블록 11 쓰기 중... (데이터: 2f737461)
[2025-09-02 16:24:22.549681] ✓ 블록 11 쓰기 성공
[2025-09-02 16:24:22.559976] 블록 12 쓰기 중... (데이터: 72745265)
[2025-09-02 16:24:22.578193] ✓ 블록 12 쓰기 성공
[2025-09-02 16:24:22.588509] 블록 13 쓰기 중... (데이터: 6e74696e)
[2025-09-02 16:24:22.606821] ✓ 블록 13 쓰기 성공
[2025-09-02 16:24:22.617122] 블록 14 쓰기 중... (데이터: 67497465)
[2025-09-02 16:24:22.635308] ✓ 블록 14 쓰기 성공
[2025-09-02 16:24:22.645539] 블록 15 쓰기 중... (데이터: 6d2f3172)
[2025-09-02 16:24:22.663300] ✓ 블록 15 쓰기 성공
[2025-09-02 16:24:22.673481] 블록 16 쓰기 중... (데이터: 7966666d)
[2025-09-02 16:24:22.692888] ✓ 블록 16 쓰기 성공
[2025-09-02 16:24:22.703153] 블록 17 쓰기 중... (데이터: 7a70307a)
[2025-09-02 16:24:22.721043] ✓ 블록 17 쓰기 성공
[2025-09-02 16:24:22.731302] 블록 18 쓰기 중... (데이터: fe000000)
[2025-09-02 16:24:22.749104] ✓ 블록 18 쓰기 성공
[2025-09-02 16:24:22.759270] ✓ 모든 블록 쓰기 완료
[2025-09-02 16:24:22.759329] URL 쓰기 성공: http://localhost:3001/detect/startRentingItem/1ryffmzp0z
[2025-09-02 16:24:22.759401] 다음 쓰기까지 11초 대기합니다.
프로그램을 종료합니다.
[2025-09-02 16:24:26.698544] I2C 연결이 최종적으로 해제되었습니다.
